Loading:
Loading:
Loading: 0 packages loaded
Analyzing: target //lieppos/custom-ldo-recon:custom_ldo_recon (0 packages loaded, 0 targets configured)
INFO: Analyzed target //lieppos/custom-ldo-recon:custom_ldo_recon (0 packages loaded, 0 targets configured).
INFO: Found 1 target...
[0 / 6] [Prepa] BazelWorkspaceStatusAction stable-status.txt
[7 / 10] Building external kernel module (lto=default;trim) @//lieppos/custom-ldo-wl2868-recon/stock-name:custom_ldo_wl2868_stock_name; 1s linux-sandbox
INFO: From Building external kernel module (lto=default;trim) @//lieppos/custom-ldo-wl2868-recon/stock-name:custom_ldo_wl2868_stock_name:
At main.c:172:
- SSL error:02000002:system library:OPENSSL_internal:No such file or directory: external/boringssl/src/crypto/bio/file.c:105
- SSL error:1100006e:BIO routines:OPENSSL_internal:NO_SUCH_FILE: external/boringssl/src/crypto/bio/file.c:109
sign-file: /home/armol/kernel-work/gki-12901745-workspace/out/bazel/output_user_root/f6aacad13134379f473094d049402ee4/sandbox/linux-sandbox/11/execroot/__main__/common/certs/signing_key.pem
mktemp: Failed to create directory /tmp/.ctx-mode-0oA044/depmod.RNA9Es: No such file or directory
mkdir: '/lib/modules/6.1.115-android14-11-maybe-dirty': Read-only file system
Target //lieppos/custom-ldo-recon:custom_ldo_recon up-to-date:
  bazel-bin/lieppos/custom-ldo-recon/custom_ldo_recon/custom_ldo.ko
  bazel-bin/lieppos/custom-ldo-recon/custom_ldo_recon/custom_ldo_recon.check_no_remaining
  bazel-bin/lieppos/custom-ldo-recon/custom_ldo_recon/Module.symvers
INFO: Elapsed time: 10.953s, Critical Path: 9.71s
INFO: 2 processes: 1 internal, 1 linux-sandbox.
INFO: Build completed successfully, 2 total actions
