Loading: 
Loading: 
Loading: 0 packages loaded
Analyzing: target //lieppos/custom-ldo-wl2868-recon/recon:custom_ldo_wl2868_recon (0 packages loaded, 0 targets configured)
INFO: Analyzed target //lieppos/custom-ldo-wl2868-recon/recon:custom_ldo_wl2868_recon (0 packages loaded, 0 targets configured).
INFO: Found 1 target...
[0 / 3] [Prepa] BazelWorkspaceStatusAction stable-status.txt
[7 / 9] Building external kernel module (lto=default;trim) @//lieppos/custom-ldo-wl2868-recon/recon:custom_ldo_wl2868_recon; 1s local
INFO: From Building external kernel module (lto=default;trim) @//lieppos/custom-ldo-wl2868-recon/recon:custom_ldo_wl2868_recon:
At main.c:172:
- SSL error:02000002:system library:OPENSSL_internal:No such file or directory: external/boringssl/src/crypto/bio/file.c:105
- SSL error:1100006e:BIO routines:OPENSSL_internal:NO_SUCH_FILE: external/boringssl/src/crypto/bio/file.c:109
sign-file: /home/armol/kernel-work/gki-12901745-workspace/common/certs/signing_key.pem
[8 / 9] [Prepa] Copying outputs @//lieppos/custom-ldo-wl2868-recon/recon:custom_ldo_wl2868_recon
Target //lieppos/custom-ldo-wl2868-recon/recon:custom_ldo_wl2868_recon up-to-date:
  bazel-bin/lieppos/custom-ldo-wl2868-recon/recon/custom_ldo_wl2868_recon/custom_ldo_wl2868.ko
  bazel-bin/lieppos/custom-ldo-wl2868-recon/recon/custom_ldo_wl2868_recon/custom_ldo_wl2868_recon.check_no_remaining
  bazel-bin/lieppos/custom-ldo-wl2868-recon/recon/custom_ldo_wl2868_recon/Module.symvers
INFO: Elapsed time: 6.527s, Critical Path: 5.30s
INFO: 3 processes: 1 internal, 1 linux-sandbox, 1 local.
INFO: Build completed successfully, 3 total actions
