Loading: 
Loading: 
Loading: 0 packages loaded
Analyzing: target //lieppos/custom-ldo-wl2868-recon/donor-red:wl2868c_donor_red (0 packages loaded, 0 targets configured)
INFO: Analyzed target //lieppos/custom-ldo-wl2868-recon/donor-red:wl2868c_donor_red (0 packages loaded, 4 targets configured).
INFO: Found 1 target...
[0 / 4] [Prepa] BazelWorkspaceStatusAction stable-status.txt
[8 / 10] Building external kernel module (lto=default;trim) @//lieppos/custom-ldo-wl2868-recon/donor-red:wl2868c_donor_red; 1s local
ERROR: /home/armol/kernel-work/gki-12901745-workspace/lieppos/custom-ldo-wl2868-recon/donor-red/BUILD.bazel:7:14: Building external kernel module (lto=default;trim) @//lieppos/custom-ldo-wl2868-recon/donor-red:wl2868c_donor_red failed: (Exit 2): bash failed: error executing KernelModule command (from target //lieppos/custom-ldo-wl2868-recon/donor-red:wl2868c_donor_red) /bin/bash -c ... (remaining 1 argument skipped)
/home/armol/kernel-work/gki-12901745-workspace/common/../lieppos/custom-ldo-wl2868-recon/donor-red/wl2868c-regulator.c:452:11: error: incompatible function pointer types initializing 'int (*)(struct i2c_client *, const struct i2c_device_id *)' with an expression of type 'int (struct i2c_client *)' [-Wincompatible-function-pointer-types]
        .probe = wl2868c_regulator_probe,
                 ^~~~~~~~~~~~~~~~~~~~~~~
1 error generated.
make[3]: *** [/home/armol/kernel-work/gki-12901745-workspace/common/scripts/Makefile.build:250: ../lieppos/custom-ldo-wl2868-recon/donor-red/wl2868c-regulator.o] Error 1
make[2]: *** [/home/armol/kernel-work/gki-12901745-workspace/common/Makefile:2052: ../lieppos/custom-ldo-wl2868-recon/donor-red] Error 2
make[1]: *** [Makefile:256: __sub-make] Error 2
make: *** [Makefile:6: all] Error 2
Target //lieppos/custom-ldo-wl2868-recon/donor-red:wl2868c_donor_red failed to build
Use --verbose_failures to see the command lines of failed build steps.
INFO: Elapsed time: 4.081s, Critical Path: 2.93s
INFO: 2 processes: 2 internal.
ERROR: Build did NOT complete successfully
