Loading: 
Loading: 
Loading: 0 packages loaded
Analyzing: target //lieppos/custom-ldo-wl2868-recon/donor-red:wl2868c_donor_red (0 packages loaded, 0 targets configured)
INFO: Analyzed target //lieppos/custom-ldo-wl2868-recon/donor-red:wl2868c_donor_red (0 packages loaded, 0 targets configured).
INFO: Found 1 target...
[0 / 7] [Prepa] BazelWorkspaceStatusAction stable-status.txt
[6 / 9] Building kernel (lto=fast;trim) @//common:kernel_aarch64; 1s local
ERROR: /home/armol/kernel-work/gki-12901745-workspace/common/BUILD.bazel:136:22: Building kernel (lto=fast;trim) @//common:kernel_aarch64 failed: (Exit 2): bash failed: error executing KernelBuild command (from target //common:kernel_aarch64) /bin/bash -c ... (remaining 1 argument skipped)

Error in reading or end of file.

Error in reading or end of file.

Error in reading or end of file.
/home/armol/kernel-work/gki-12901745-workspace/common/arch/arm64/Makefile:36: Detected assembler with broken .inst; disassembly will be unreliable
warning: LSE atomics not supported by binutils
clang-17: error: unable to make temporary file: No such file or directory
clang-17: error: unable to make temporary file: No such file or directory
make[2]: *** [/home/armol/kernel-work/gki-12901745-workspace/common/scripts/Makefile.build:385: arch/arm64/kernel/vdso/note.o] Error 1
make[2]: *** Waiting for unfinished jobs....
make[2]: *** [/home/armol/kernel-work/gki-12901745-workspace/common/scripts/Makefile.build:385: arch/arm64/kernel/vdso/sigreturn.o] Error 1
make[1]: *** [/home/armol/kernel-work/gki-12901745-workspace/common/arch/arm64/Makefile:218: vdso_prepare] Error 2
make: *** [Makefile:256: __sub-make] Error 2
*
* Restart config...
*
*
* KASAN: dynamic memory safety error detector
*
KASAN: dynamic memory safety error detector (KASAN) [Y/n/?] y
  KASAN mode
  > 1. Generic KASAN (KASAN_GENERIC)
    2. Software Tag-Based KASAN (KASAN_SW_TAGS)
  choice[1-2?]: 1
  Instrumentation type
  > 1. Outline instrumentation (KASAN_OUTLINE) (NEW)
    2. Inline instrumentation (KASAN_INLINE) (NEW)
  choice[1-2?]:   Stack instrumentation (unsafe) (KASAN_STACK) [N/y/?] (NEW) 
  Check accesses to vmalloc allocations (KASAN_VMALLOC) [Y/?] y
  KUnit-compatible tests of KASAN bug detection capabilities (KASAN_KUNIT_TEST) [N/m/y/?] n
  KUnit-incompatible tests of KASAN bug detection capabilities (KASAN_MODULE_TEST) [N/m/?] (NEW) 
Target //lieppos/custom-ldo-wl2868-recon/donor-red:wl2868c_donor_red failed to build
Use --verbose_failures to see the command lines of failed build steps.
ERROR: /home/armol/kernel-work/gki-12901745-workspace/lieppos/custom-ldo-wl2868-recon/donor-red/BUILD.bazel:7:14 Building external kernel module (lto=fast;trim) @//lieppos/custom-ldo-wl2868-recon/donor-red:wl2868c_donor_red failed: (Exit 2): bash failed: error executing KernelBuild command (from target //common:kernel_aarch64) /bin/bash -c ... (remaining 1 argument skipped)
INFO: Elapsed time: 7.795s, Critical Path: 6.78s
INFO: 2 processes: 2 internal.
ERROR: Build did NOT complete successfully
