Loading: 
Loading: 
Loading: 0 packages loaded
WARNING: Build options --//build/kernel/kleaf:config_fast, --//build/kernel/kleaf:config_local, and --//build/kernel/kleaf:lto have changed, discarding analysis cache (this can be expensive, see https://bazel.build/advanced/performance/iteration-speed).
Analyzing: target //lieppos/sc8571-red-donor:sc8571_red_donor (0 packages loaded, 0 targets configured)
INFO: Analyzed target //lieppos/sc8571-red-donor:sc8571_red_donor (0 packages loaded, 93427 targets configured).
 checking cached actions
INFO: Found 1 target...
[3 / 11] [Prepa] BazelWorkspaceStatusAction stable-status.txt
[268 / 276] checking cached actions
[268 / 276] Creating abi_symbollist and report @//common:kernel_aarch64_kmi_symbol_list; 0s linux-sandbox ... (2 actions running)
[270 / 276] Creating abi_symbollist.raw @//common:kernel_aarch64_raw_kmi_symbol_list; 0s linux-sandbox
[271 / 276] [Prepa] Creating kernel config (lto=default;trim) @//common:kernel_aarch64_config
[271 / 276] Creating kernel config (lto=default;trim) @//common:kernel_aarch64_config; 1s linux-sandbox
[271 / 276] Creating kernel config (lto=default;trim) @//common:kernel_aarch64_config; 11s linux-sandbox
[272 / 276] checking cached actions
[272 / 276] Building kernel (lto=default;trim) @//common:kernel_aarch64; 0s linux-sandbox ... (2 actions running)
[272 / 276] Building kernel (lto=default;trim) @//common:kernel_aarch64; 11s linux-sandbox ... (2 actions running)
[273 / 276] Building kernel (lto=default;trim) @//common:kernel_aarch64; 41s linux-sandbox
[273 / 276] Building kernel (lto=default;trim) @//common:kernel_aarch64; 52s linux-sandbox
[273 / 276] Building kernel (lto=default;trim) @//common:kernel_aarch64; 82s linux-sandbox
[273 / 276] Building kernel (lto=default;trim) @//common:kernel_aarch64; 142s linux-sandbox
[273 / 276] Building kernel (lto=default;trim) @//common:kernel_aarch64; 202s linux-sandbox
[274 / 276] [Prepa] Building external kernel module (lto=default;trim) @//lieppos/sc8571-red-donor:sc8571_red_donor
[274 / 276] Building external kernel module (lto=default;trim) @//lieppos/sc8571-red-donor:sc8571_red_donor; 0s linux-sandbox
ERROR: /home/armol/kernel-work/gki-12901745-workspace/lieppos/sc8571-red-donor/BUILD.bazel:5:14: Building external kernel module (lto=default;trim) @//lieppos/sc8571-red-donor:sc8571_red_donor failed: (Exit 2): bash failed: error executing KernelModule command (from target //lieppos/sc8571-red-donor:sc8571_red_donor) /bin/bash -c ... (remaining 1 argument skipped)

Use --sandbox_debug to see verbose messages from the sandbox and retain the sandbox build root for debugging
/home/armol/kernel-work/gki-12901745-workspace/out/bazel/output_user_root/f6aacad13134379f473094d049402ee4/sandbox/linux-sandbox/64/execroot/__main__/common/../lieppos/sc8571-red-donor/oplus_sc8571_master.c:33:10: fatal error: '../oplus_vooc.h' file not found
#include "../oplus_vooc.h"
         ^~~~~~~~~~~~~~~~~
1 error generated.
make[3]: *** [/home/armol/kernel-work/gki-12901745-workspace/out/bazel/output_user_root/f6aacad13134379f473094d049402ee4/sandbox/linux-sandbox/64/execroot/__main__/common/scripts/Makefile.build:250: ../lieppos/sc8571-red-donor/oplus_sc8571_master.o] Error 1
make[2]: *** [/home/armol/kernel-work/gki-12901745-workspace/out/bazel/output_user_root/f6aacad13134379f473094d049402ee4/sandbox/linux-sandbox/64/execroot/__main__/common/Makefile:2052: ../lieppos/sc8571-red-donor] Error 2
make[1]: *** [Makefile:256: __sub-make] Error 2
make: *** [Makefile:7: all] Error 2
Target //lieppos/sc8571-red-donor:sc8571_red_donor failed to build
Use --verbose_failures to see the command lines of failed build steps.
INFO: Elapsed time: 283.304s, Critical Path: 279.44s
INFO: 12 processes: 3 internal, 9 linux-sandbox.
ERROR: Build did NOT complete successfully
