Loading: 
Loading: 
Loading: 0 packages loaded
Analyzing: target //lieppos/custom-ldo-recon:custom_ldo_recon (0 packages loaded, 0 targets configured)
INFO: Analyzed target //lieppos/custom-ldo-recon:custom_ldo_recon (0 packages loaded, 0 targets configured).
INFO: Found 1 target...
[0 / 8] [Prepa] BazelWorkspaceStatusAction stable-status.txt
[8 / 10] Building external kernel module (lto=default;trim) @//lieppos/custom-ldo-recon:custom_ldo_recon; 1s linux-sandbox
INFO: From Building external kernel module (lto=default;trim) @//lieppos/custom-ldo-recon:custom_ldo_recon:
At main.c:172:
- SSL error:02000002:system library:OPENSSL_internal:No such file or directory: external/boringssl/src/crypto/bio/file.c:105
- SSL error:1100006e:BIO routines:OPENSSL_internal:NO_SUCH_FILE: external/boringssl/src/crypto/bio/file.c:109
sign-file: /home/armol/kernel-work/gki-12901745-workspace/out/bazel/output_user_root/f6aacad13134379f473094d049402ee4/sandbox/linux-sandbox/35/execroot/__main__/common/certs/signing_key.pem
[9 / 10] [Prepa] Copying outputs @//lieppos/custom-ldo-recon:custom_ldo_recon
Target //lieppos/custom-ldo-recon:custom_ldo_recon up-to-date:
  bazel-bin/lieppos/custom-ldo-recon/custom_ldo_recon/custom_ldo.ko
  bazel-bin/lieppos/custom-ldo-recon/custom_ldo_recon/custom_ldo_recon.check_no_remaining
  bazel-bin/lieppos/custom-ldo-recon/custom_ldo_recon/Module.symvers
INFO: Elapsed time: 10.878s, Critical Path: 9.86s
INFO: 3 processes: 1 internal, 2 linux-sandbox.
INFO: Build completed successfully, 3 total actions
