Loading: 
Loading: 
Loading: 0 packages loaded
Analyzing: target //lieppos/hynitron-recon/donor-red:donor_red (1 packages loaded, 0 targets configured)
INFO: Analyzed target //lieppos/hynitron-recon/donor-red:donor_red (1 packages loaded, 15 targets configured).
INFO: Found 1 target...
[0 / 5] [Prepa] BazelWorkspaceStatusAction stable-status.txt
[8 / 10] Building external kernel module (lto=default;trim) @//lieppos/hynitron-recon/donor-red:donor_red; 0s linux-sandbox
ERROR: /home/armol/kernel-work/gki-12901745-workspace/lieppos/hynitron-recon/donor-red/BUILD.bazel:5:14: Building external kernel module (lto=default;trim) @//lieppos/hynitron-recon/donor-red:donor_red failed: (Exit 2): bash failed: error executing KernelModule command (from target //lieppos/hynitron-recon/donor-red:donor_red) /bin/bash -c ... (remaining 1 argument skipped)

Use --sandbox_debug to see verbose messages from the sandbox and retain the sandbox build root for debugging
/home/armol/kernel-work/gki-12901745-workspace/out/bazel/output_user_root/f6aacad13134379f473094d049402ee4/sandbox/linux-sandbox/36/execroot/__main__/common/../lieppos/hynitron-recon/donor-red/hynitron_core.c:2160:24: error: incompatible function pointer types initializing 'void (*)(struct i2c_client *)' with an expression of type 'int (struct i2c_client *)' [-Wincompatible-function-pointer-types]
    .remove = __exit_p(hyn_remove),
                       ^~~~~~~~~~
/home/armol/kernel-work/gki-12901745-workspace/out/bazel/output_user_root/f6aacad13134379f473094d049402ee4/sandbox/linux-sandbox/36/execroot/__main__/common/include/linux/init.h:370:21: note: expanded from macro '__exit_p'
#define __exit_p(x) x
                    ^
1 error generated.
make[3]: *** [/home/armol/kernel-work/gki-12901745-workspace/out/bazel/output_user_root/f6aacad13134379f473094d049402ee4/sandbox/linux-sandbox/36/execroot/__main__/common/scripts/Makefile.build:250: ../lieppos/hynitron-recon/donor-red/hynitron_core.o] Error 1
make[3]: *** Waiting for unfinished jobs....
make[2]: *** [/home/armol/kernel-work/gki-12901745-workspace/out/bazel/output_user_root/f6aacad13134379f473094d049402ee4/sandbox/linux-sandbox/36/execroot/__main__/common/Makefile:2052: ../lieppos/hynitron-recon/donor-red] Error 2
make[1]: *** [Makefile:256: __sub-make] Error 2
make: *** [Makefile:9: all] Error 2
Target //lieppos/hynitron-recon/donor-red:donor_red failed to build
Use --verbose_failures to see the command lines of failed build steps.
INFO: Elapsed time: 9.850s, Critical Path: 8.71s
INFO: 3 processes: 3 internal.
ERROR: Build did NOT complete successfully
